Microchip MPLAB XC8 Compiler V2.41

Linker command line:

-W-3 \
  --edf=C:/Program Files/Microchip/MPLABX/v6.10/packs/Microchip/PIC16Fxxx_DFP/1.4.149/xc8\pic\dat\20230322214319_en.msgs \
  -cn -h+dist/default/production\Laboratorio3_Slave1.X.production.sym \
  --cmf=dist/default/production\Laboratorio3_Slave1.X.production.cmf -z \
  -Q16F887 -oC:\Users\judah\AppData\Local\Temp\xcAs454.\driver_tmp_3.o \
  --defsym=__MPLAB_BUILD=1 --fixupoverflow=error \
  -Mdist/default/production/Laboratorio3_Slave1.X.production.map \
  --md=C:\Users\judah\AppData\Local\Temp\xcAs454.\driver_tmp_0.dat -E1 \
  -ver=XC8 Compiler --acfsm=1493 -ACODE=00h-07FFhx4 -ASTRCODE=00h-01FFFh \
  -ASTRING=00h-0FFhx32 -ACONST=00h-0FFhx32 -AENTRY=00h-0FFhx32 \
  -ACOMMON=070h-07Fh -ABANK0=020h-06Fh -ABANK1=0A0h-0EFh \
  -ABANK2=0110h-016Fh -ABANK3=0190h-01EFh \
  -ARAM=020h-06Fh,0A0h-0EFh,0110h-016Fh,0190h-01EFh \
  -AABS1=020h-07Fh,0A0h-0EFh,0110h-016Fh,0190h-01EFh -ASFR0=00h-01Fh \
  -ASFR1=080h-09Fh -ASFR2=0100h-010Fh -ASFR3=0180h-018Fh \
  -ACONFIG=02007h-02008h -DCONFIG=2 -AIDLOC=02000h-02003h -DIDLOC=2 \
  -AEEDATA=00h-0FFh/02100h -peeprom_data=EEDATA -DEEDATA=2 -DCODE=2 \
  -DSTRCODE=2 -DSTRING=2 -DCONST=2 -DENTRY=2 \
  -preset_vec=00h,intentry=04h,init,end_init -ppowerup=CODE -pcinit=CODE \
  -pfunctab=ENTRY -k \
  C:\Users\judah\AppData\Local\Temp\xcAs454.\driver_tmp_12.o \
  dist/default/production\Laboratorio3_Slave1.X.production.o 

Object code version is 3.11

Machine type is 16F887



                Name                               Link     Load   Length Selector   Space Scale
C:\Users\judah\AppData\Local\Temp\xcAs454.\driver_tmp_12.o
                end_init                              E        E        3        8       0
                reset_vec                             0        0        3        0       0
                config                             2007     2007        2        0       4
dist/default/production\Laboratorio3_Slave1.X.production.o
                cinit                                11       11        7        8       0
                intentry                              4        4        A        8       0
                config                             2007     2007        2        0       4
                text8                               153      153        6        8       0
                text7                                E1       E1       2D        8       0
                text6                               13F      13F        E        8       0
                text5                                18       18       55        8       0
                text4                               12C      12C       13        8       0
                text3                               10E      10E       1E        8       0
                text2                                6D       6D       3B        8       0
                text1                               14D      14D        6        8       0
                maintext                             A8       A8       39        8       0
                cstackBANK0                          20       20        5       20       1
                cstackCOMMON                         70       70        7       70       1
                bssCOMMON                            77       77        3       70       1

TOTAL           Name                               Link     Load   Length     Space
        CLASS   CODE           
                end_init                              E        E        3         0
                cinit                                11       11        7         0
                intentry                              4        4        A         0
                reset_vec                             0        0        3         0
                text8                               153      153        6         0
                text7                                E1       E1       2D         0
                text6                               13F      13F        E         0
                text5                                18       18       55         0
                text4                               12C      12C       13         0
                text3                               10E      10E       1E         0
                text2                                6D       6D       3B         0
                text1                               14D      14D        6         0
                maintext                             A8       A8       39         0

        CLASS   STRCODE        

        CLASS   STRING         

        CLASS   CONST          

        CLASS   ENTRY          

        CLASS   COMMON         
                cstackCOMMON                         70       70        7         1
                bssCOMMON                            77       77        3         1

        CLASS   BANK0          
                cstackBANK0                          20       20        5         1

        CLASS   BANK1          

        CLASS   BANK2          

        CLASS   BANK3          

        CLASS   RAM            

        CLASS   ABS1           
                abs_s1                               7E       7E        2         1

        CLASS   SFR0           

        CLASS   SFR1           

        CLASS   SFR2           

        CLASS   SFR3           

        CLASS   CONFIG         
                config                             2007     2007        2         4

        CLASS   IDLOC          

        CLASS   EEDATA         

        CLASS   STACK          



SEGMENTS        Name                           Load    Length   Top    Selector   Space  Class     Delta

                reset_vec                      000000  000003  000003         0       0  CODE        2
                intentry                       000004  000155  000159         8       0  CODE        2
                cstackBANK0                    000020  000005  000025        20       1  BANK0       1
                cstackCOMMON                   000070  00000A  00007A        70       1  COMMON      1


UNUSED ADDRESS RANGES

        Name                Unused          Largest block    Delta
        BANK0            0025-006F             4B           1
        BANK1            00A0-00EF             50           1
        BANK2            0110-016F             60           1
        BANK3            0190-01EF             60           1
        CODE             0003-0003              1           2
                         0159-1FFF            800
        COMMON           007A-007D              4           1
        CONST            0003-0003              1           2
                         0159-1FFF            100
        EEDATA           2100-21FF            100           2
        ENTRY            0003-0003              1           2
                         0159-1FFF            100
        IDLOC            2000-2003              4           2
        RAM              0025-006F             4B           1
                         00A0-00EF             50
                         0110-016F             60
                         0190-01EF             60
        SFR0             0000-001F             20           1
        SFR1             0080-009F             20           1
        SFR2             0100-010F             10           1
        SFR3             0180-018F             10           1
        STRCODE          0003-0003              1           2
                         0159-1FFF           1EA7
        STRING           0003-0003              1           2
                         0159-1FFF            100

                                  Symbol Table

?_adc_read               cstackCOMMON 0074
_ADCON0bits              (abs)        001F
_ADFM                    (abs)        04FF
_ADON                    (abs)        00F8
_ADRESH                  (abs)        001E
_ADRESL                  (abs)        009E
_ANSEL                   (abs)        0188
_ANSELH                  (abs)        0189
_GIE                     (abs)        005F
_IOCB                    (abs)        0096
_OSCCONbits              (abs)        008F
_PEIE                    (abs)        005E
_PORTA                   (abs)        0005
_PORTD                   (abs)        0008
_RB0                     (abs)        0030
_RB1                     (abs)        0031
_RBIE                    (abs)        005B
_RBIF                    (abs)        0058
_SCS                     (abs)        0478
_SSPBUF                  (abs)        0013
_SSPCON                  (abs)        0014
_SSPIE                   (abs)        0463
_SSPIF                   (abs)        0063
_SSPSTAT                 (abs)        0094
_SSPSTATbits             (abs)        0094
_TRISA                   (abs)        0085
_TRISB                   (abs)        0086
_TRISC3                  (abs)        043B
_TRISC5                  (abs)        043D
_TRISD                   (abs)        0088
_VCFG0                   (abs)        04FC
_VCFG1                   (abs)        04FD
_WPUB                    (abs)        0095
__H__absolute__          __absolute__ 0000
__Habs1                  abs1         0000
__Hbank0                 bank0        0000
__Hbank1                 bank1        0000
__Hbank2                 bank2        0000
__Hbank3                 bank3        0000
__HbssCOMMON             bssCOMMON    0000
__Hcinit                 cinit        0018
__Hclrtext               clrtext      0000
__Hcode                  code         0000
__Hcommon                common       0000
__Hconfig                config       2009
__HcstackBANK0           cstackBANK0  0000
__HcstackCOMMON          cstackCOMMON 0000
__Heeprom_data           eeprom_data  0000
__Hend_init              end_init     0011
__Hfunctab               functab      0000
__Hinit                  init         000E
__Hintentry              intentry     000E
__Hmaintext              maintext     0000
__Hpowerup               powerup      0000
__Hram                   ram          0000
__Hreset_vec             reset_vec    0003
__Hsfr0                  sfr0         0000
__Hsfr1                  sfr1         0000
__Hsfr2                  sfr2         0000
__Hsfr3                  sfr3         0000
__Hspace_0               (abs)        0159
__Hspace_1               (abs)        007A
__Hspace_2               (abs)        0000
__Hspace_3               (abs)        0000
__Hspace_4               (abs)        4010
__Hstack                 stack        0000
__Hstrings               strings      0000
__Htext                  text         0000
__L__absolute__          __absolute__ 0000
__Labs1                  abs1         0000
__Lbank0                 bank0        0000
__Lbank1                 bank1        0000
__Lbank2                 bank2        0000
__Lbank3                 bank3        0000
__LbssCOMMON             bssCOMMON    0000
__Lcinit                 cinit        0011
__Lclrtext               clrtext      0000
__Lcode                  code         0000
__Lcommon                common       0000
__Lconfig                config       0000
__LcstackBANK0           cstackBANK0  0000
__LcstackCOMMON          cstackCOMMON 0000
__Leeprom_data           eeprom_data  0000
__Lend_init              end_init     000E
__Lfunctab               functab      0000
__Linit                  init         000E
__Lintentry              intentry     0004
__Lmaintext              maintext     0000
__Lpowerup               powerup      0000
__Lram                   ram          0000
__Lreset_vec             reset_vec    0000
__Lsfr0                  sfr0         0000
__Lsfr1                  sfr1         0000
__Lsfr2                  sfr2         0000
__Lsfr3                  sfr3         0000
__Lspace_0               (abs)        0000
__Lspace_1               (abs)        0000
__Lspace_2               (abs)        0000
__Lspace_3               (abs)        0000
__Lspace_4               (abs)        0000
__Lstack                 stack        0000
__Lstrings               strings      0000
__Ltext                  text         0000
__S0                     (abs)        0159
__S1                     (abs)        007A
__S3                     (abs)        0000
___int_sp                stack        0000
___latbits               (abs)        0002
___sp                    stack        0000
___stackhi               (abs)        0000
___stacklo               (abs)        0000
__end_of__initialization cinit        0014
__end_of_adc_init        text5        006D
__end_of_adc_read        text6        014D
__end_of_iocb_init       text4        013F
__end_of_isr             text7        010E
__end_of_main            maintext     00E1
__end_of_setup           text2        00A8
__end_of_spiInit         text3        012C
__end_of_spiWrite        text1        0153
__end_ofi1_spiWrite      text8        0159
__initialization         cinit        0011
__pbssCOMMON             bssCOMMON    0077
__pcstackBANK0           cstackBANK0  0020
__pcstackCOMMON          cstackCOMMON 0070
__pintentry              intentry     0004
__pmaintext              maintext     00A8
__ptext1                 text1        014D
__ptext2                 text2        006D
__ptext3                 text3        010E
__ptext4                 text4        012C
__ptext5                 text5        0018
__ptext6                 text6        013F
__ptext7                 text7        00E1
__ptext8                 text8        0153
_adc_init                text5        0018
_adc_read                text6        013F
_iocb_init               text4        012C
_isr                     text7        00E1
_main                    maintext     00A8
_nRBPU                   (abs)        040F
_potval                  bssCOMMON    0079
_request                 bssCOMMON    0078
_setup                   text2        006D
_spiInit                 text3        010E
_spiWrite                text1        014D
_temp                    bssCOMMON    0077
adc_init@J               cstackBANK0  0022
adc_init@R               cstackCOMMON 0074
adc_init@channel         cstackCOMMON 0076
adc_init@clock           cstackCOMMON 0075
btemp                    (abs)        007E
end_of_initialization    cinit        0014
i1_spiWrite              text8        0153
i1spiWrite@dat           cstackCOMMON 0070
interrupt_function       intentry     0004
intlevel0                functab      0000
intlevel1                functab      0000
intlevel2                functab      0000
intlevel3                functab      0000
intlevel4                functab      0000
intlevel5                functab      0000
iocb_init@pinesB         cstackCOMMON 0074
reset_vec                reset_vec    0000
saved_w                  (abs)        007E
spiInit@sClockIdle       cstackCOMMON 0075
spiInit@sDataSample      cstackCOMMON 0074
spiInit@sTransmitEdge    cstackCOMMON 0076
spiInit@sType            cstackBANK0  0020
spiWrite@dat             cstackCOMMON 0074
start                    init         000E
start_initialization     cinit        0011
wtemp0                   (abs)        007E


MODULE INFORMATION

Module		Function		Class		Link	Load	Size
Prelab3_Slave1.c
		_main          		CODE           	00A8	0000	57
		_isr           		CODE           	00E1	0000	45
		_setup         		CODE           	006D	0000	59

Prelab3_Slave1.c estimated size: 161

../../../LibreriasPIC/SPI.c
		_spiWrite      		CODE           	014D	0000	6
		_spiInit       		CODE           	010E	0000	30

../../../LibreriasPIC/SPI.c estimated size: 36

shared
		__initialization		CODE           	0011	0000	3
		i1_spiWrite    		CODE           	0153	0000	6

shared estimated size: 9

iocb_init.c
		_iocb_init     		CODE           	012C	0000	19

iocb_init.c estimated size: 19

../../../LibreriasPIC/ADC_lib.c
		_adc_read      		CODE           	013F	0000	14
		_adc_init      		CODE           	0018	0000	85

../../../LibreriasPIC/ADC_lib.c estimated size: 99

