Microchip MPLAB XC8 Compiler V2.41

Linker command line:

-W-3 \
  --edf=C:/Program Files/Microchip/MPLABX/v6.10/packs/Microchip/PIC16Fxxx_DFP/1.4.149/xc8\pic\dat\20230322214319_en.msgs \
  -cn -h+dist/default/production\Laboratorio3_Master.X.production.sym \
  --cmf=dist/default/production\Laboratorio3_Master.X.production.cmf -z \
  -Q16F887 -oC:\Users\judah\AppData\Local\Temp\xcAscbg.\driver_tmp_3.o \
  --defsym=__MPLAB_BUILD=1 --fixupoverflow=error \
  -Mdist/default/production/Laboratorio3_Master.X.production.map \
  --md=C:\Users\judah\AppData\Local\Temp\xcAscbg.\driver_tmp_0.dat -E1 \
  -ver=XC8 Compiler --acfsm=1493 -ACODE=00h-07FFhx4 -ASTRCODE=00h-01FFFh \
  -ASTRING=00h-0FFhx32 -ACONST=00h-0FFhx32 -AENTRY=00h-0FFhx32 \
  -ACOMMON=070h-07Fh -ABANK0=020h-06Fh -ABANK1=0A0h-0EFh \
  -ABANK2=0110h-016Fh -ABANK3=0190h-01EFh \
  -ARAM=020h-06Fh,0A0h-0EFh,0110h-016Fh,0190h-01EFh \
  -AABS1=020h-07Fh,0A0h-0EFh,0110h-016Fh,0190h-01EFh -ASFR0=00h-01Fh \
  -ASFR1=080h-09Fh -ASFR2=0100h-010Fh -ASFR3=0180h-018Fh \
  -ACONFIG=02007h-02008h -DCONFIG=2 -AIDLOC=02000h-02003h -DIDLOC=2 \
  -AEEDATA=00h-0FFh/02100h -peeprom_data=EEDATA -DEEDATA=2 -DCODE=2 \
  -DSTRCODE=2 -DSTRING=2 -DCONST=2 -DENTRY=2 \
  -preset_vec=00h,intentry=04h,init,end_init -ppowerup=CODE -pcinit=CODE \
  -pfunctab=ENTRY -k \
  C:\Users\judah\AppData\Local\Temp\xcAscbg.\driver_tmp_12.o \
  dist/default/production\Laboratorio3_Master.X.production.o 

Object code version is 3.11

Machine type is 16F887



                Name                               Link     Load   Length Selector   Space Scale
C:\Users\judah\AppData\Local\Temp\xcAscbg.\driver_tmp_12.o
                end_init                              C        C        3        8       0
                reset_vec                             0        0        3        0       0
                config                             2007     2007        2        0       4
dist/default/production\Laboratorio3_Master.X.production.o
                cinit                                 F        F       15        8       0
                intentry                              4        4        8        8       0
                config                             2007     2007        2        0       4
                text17                              3ED      3ED        7      734       0
                text16                              35A      35A       22        8       0
                text15                              39A      39A       1A      734       0
                text14                              227      227       4C        8       0
                text13                              303      303       35        8       0
                text12                              2BD      2BD       46        8       0
                text11                              10A      10A       67        8       0
                text10                              1CE      1CE       59        8       0
                text9                                24       24       79        8       0
                text8                                9D       9D       6D        8       0
                text7                               3E6      3E6        7      734       0
                text6                               3DD      3DD        9      734       0
                text5                               3F4      3F4        6      734       0
                text4                               273      273       4A        8       0
                text3                               171      171       5D        8       0
                text2                               3B4      3B4       16      734       0
                text1                               338      338       22        8       0
                maintext                            3CA      3CA       13      734       0
                cstackBANK0                          2D       2D        9       20       1
                cstackCOMMON                         70       70        A       70       1
                bssBANK0                             20       20        D       20       1
                bssCOMMON                            7A       7A        2       70       1
                strings                             37C      37C       1E      6F8       0

TOTAL           Name                               Link     Load   Length     Space
        CLASS   CODE           
                end_init                              C        C        3         0
                cinit                                 F        F       15         0
                intentry                              4        4        8         0
                reset_vec                             0        0        3         0
                text17                              3ED      3ED        7         0
                text16                              35A      35A       22         0
                text15                              39A      39A       1A         0
                text14                              227      227       4C         0
                text13                              303      303       35         0
                text12                              2BD      2BD       46         0
                text11                              10A      10A       67         0
                text10                              1CE      1CE       59         0
                text9                                24       24       79         0
                text8                                9D       9D       6D         0
                text7                               3E6      3E6        7         0
                text6                               3DD      3DD        9         0
                text5                               3F4      3F4        6         0
                text4                               273      273       4A         0
                text3                               171      171       5D         0
                text2                               3B4      3B4       16         0
                text1                               338      338       22         0
                maintext                            3CA      3CA       13         0

        CLASS   STRCODE        

        CLASS   STRING         
                strings                             37C      37C       1E         0

        CLASS   CONST          

        CLASS   ENTRY          

        CLASS   COMMON         
                cstackCOMMON                         70       70        A         1
                bssCOMMON                            7A       7A        2         1

        CLASS   BANK0          
                cstackBANK0                          2D       2D        9         1
                bssBANK0                             20       20        D         1

        CLASS   BANK1          

        CLASS   BANK2          

        CLASS   BANK3          

        CLASS   RAM            

        CLASS   ABS1           
                abs_s1                               7E       7E        2         1

        CLASS   SFR0           

        CLASS   SFR1           

        CLASS   SFR2           

        CLASS   SFR3           

        CLASS   CONFIG         
                config                             2007     2007        2         4

        CLASS   IDLOC          

        CLASS   EEDATA         

        CLASS   STACK          



SEGMENTS        Name                           Load    Length   Top    Selector   Space  Class     Delta

                reset_vec                      000000  000003  000003         0       0  CODE        2
                intentry                       000004  000378  00037C         8       0  CODE        2
                bssBANK0                       000020  000016  000036        20       1  BANK0       1
                cstackCOMMON                   000070  00000C  00007C        70       1  COMMON      1
                strings                        00037C  00001E  00039A       6F8       0  STRING      2
                text15                         00039A  000060  0003FA       734       0  CODE        2


UNUSED ADDRESS RANGES

        Name                Unused          Largest block    Delta
        BANK0            0036-006F             3A           1
        BANK1            00A0-00EF             50           1
        BANK2            0110-016F             60           1
        BANK3            0190-01EF             60           1
        CODE             0003-0003              1           2
                         03FA-1FFF            800
        COMMON           007C-007D              2           1
        CONST            0003-0003              1           2
                         03FA-1FFF            100
        EEDATA           2100-21FF            100           2
        ENTRY            0003-0003              1           2
                         03FA-1FFF            100
        IDLOC            2000-2003              4           2
        RAM              0036-006F             3A           1
                         00A0-00EF             50
                         0110-016F             60
                         0190-01EF             60
        SFR0             0000-001F             20           1
        SFR1             0080-009F             20           1
        SFR2             0100-010F             10           1
        SFR3             0180-018F             10           1
        STRCODE          0003-0003              1           2
                         03FA-1FFF           1C06
        STRING           0003-0003              1           2
                         03FA-1FFF            100

                                  Symbol Table

?___awdiv                 cstackCOMMON 0072
?___awmod                 cstackCOMMON 0072
Lcd_Cmd@a                 cstackCOMMON 0075
Lcd_Port@a                cstackCOMMON 0072
Lcd_Set_Cursor@a          cstackBANK0  002D
Lcd_Set_Cursor@b          cstackCOMMON 0076
Lcd_Set_Cursor@temp       cstackBANK0  0030
Lcd_Set_Cursor@y          cstackBANK0  002F
Lcd_Set_Cursor@z          cstackBANK0  002E
Lcd_Write_Char@a          cstackCOMMON 0076
Lcd_Write_Char@temp       cstackCOMMON 0074
Lcd_Write_Char@y          cstackCOMMON 0075
Lcd_Write_String@a        cstackCOMMON 0077
Lcd_Write_String@i        cstackBANK0  0030
_ANSEL                    (abs)        0188
_ANSELH                   (abs)        0189
_Lcd_Cmd                  text15       039A
_Lcd_Init                 text3        0171
_Lcd_Port                 text16       035A
_Lcd_Set_Cursor           text14       0227
_Lcd_Write_Char           text13       0303
_Lcd_Write_String         text12       02BD
_OSCCONbits               (abs)        008F
_PORTD                    (abs)        0008
_PORTDbits                (abs)        0008
_RC0                      (abs)        0038
_RC1                      (abs)        0039
_RD3                      (abs)        0043
_RD4                      (abs)        0044
_RD5                      (abs)        0045
_RD6                      (abs)        0046
_RD7                      (abs)        0047
_SCS                      (abs)        0478
_SSPBUF                   (abs)        0013
_SSPCON                   (abs)        0014
_SSPSTAT                  (abs)        0094
_SSPSTATbits              (abs)        0094
_TRISC                    (abs)        0087
_TRISC3                   (abs)        043B
_TRISC5                   (abs)        043D
_TRISD                    (abs)        0088
__H__absolute__           __absolute__ 0000
__Habs1                   abs1         0000
__Hbank0                  bank0        0000
__Hbank1                  bank1        0000
__Hbank2                  bank2        0000
__Hbank3                  bank3        0000
__HbssBANK0               bssBANK0     0000
__HbssCOMMON              bssCOMMON    0000
__Hcinit                  cinit        0024
__Hclrtext                clrtext      0000
__Hcode                   code         0000
__Hcommon                 common       0000
__Hconfig                 config       2009
__HcstackBANK0            cstackBANK0  0000
__HcstackCOMMON           cstackCOMMON 0000
__Heeprom_data            eeprom_data  0000
__Hend_init               end_init     000F
__Hfunctab                functab      0000
__Hinit                   init         000C
__Hintentry               intentry     000C
__Hmaintext               maintext     0000
__Hpowerup                powerup      0000
__Hram                    ram          0000
__Hreset_vec              reset_vec    0003
__Hsfr0                   sfr0         0000
__Hsfr1                   sfr1         0000
__Hsfr2                   sfr2         0000
__Hsfr3                   sfr3         0000
__Hspace_0                (abs)        03FA
__Hspace_1                (abs)        007C
__Hspace_2                (abs)        0000
__Hspace_3                (abs)        0000
__Hspace_4                (abs)        4010
__Hstack                  stack        0000
__Hstrings                strings      0000
__Htext                   text         0000
__L__absolute__           __absolute__ 0000
__Labs1                   abs1         0000
__Lbank0                  bank0        0000
__Lbank1                  bank1        0000
__Lbank2                  bank2        0000
__Lbank3                  bank3        0000
__LbssBANK0               bssBANK0     0000
__LbssCOMMON              bssCOMMON    0000
__Lcinit                  cinit        000F
__Lclrtext                clrtext      0000
__Lcode                   code         0000
__Lcommon                 common       0000
__Lconfig                 config       0000
__LcstackBANK0            cstackBANK0  0000
__LcstackCOMMON           cstackCOMMON 0000
__Leeprom_data            eeprom_data  0000
__Lend_init               end_init     000C
__Lfunctab                functab      0000
__Linit                   init         000C
__Lintentry               intentry     0004
__Lmaintext               maintext     0000
__Lpowerup                powerup      0000
__Lram                    ram          0000
__Lreset_vec              reset_vec    0000
__Lsfr0                   sfr0         0000
__Lsfr1                   sfr1         0000
__Lsfr2                   sfr2         0000
__Lsfr3                   sfr3         0000
__Lspace_0                (abs)        0000
__Lspace_1                (abs)        0000
__Lspace_2                (abs)        0000
__Lspace_3                (abs)        0000
__Lspace_4                (abs)        0000
__Lstack                  stack        0000
__Lstrings                strings      0000
__Ltext                   text         0000
__S0                      (abs)        03FA
__S1                      (abs)        007C
__S3                      (abs)        0000
___awdiv                  text11       010A
___awdiv@counter          cstackCOMMON 0076
___awdiv@dividend         cstackCOMMON 0074
___awdiv@divisor          cstackCOMMON 0072
___awdiv@quotient         cstackCOMMON 0078
___awdiv@sign             cstackCOMMON 0077
___awmod                  text10       01CE
___awmod@counter          cstackCOMMON 0076
___awmod@dividend         cstackCOMMON 0074
___awmod@divisor          cstackCOMMON 0072
___awmod@sign             cstackCOMMON 0077
___int_sp                 stack        0000
___latbits                (abs)        0002
___sp                     stack        0000
___stackhi                (abs)        0000
___stacklo                (abs)        0000
__end_of_Lcd_Cmd          text15       03B4
__end_of_Lcd_Init         text3        01CE
__end_of_Lcd_Port         text16       037C
__end_of_Lcd_Set_Cursor   text14       0273
__end_of_Lcd_Write_Char   text13       0338
__end_of_Lcd_Write_String text12       0303
__end_of___awdiv          text11       0171
__end_of___awmod          text10       0227
__end_of__initialization  cinit        0020
__end_of__stringtab       strings      038C
__end_of_isr              text17       03F4
__end_of_main             maintext     03DD
__end_of_outputValues     text8        010A
__end_of_requestValues    text4        02BD
__end_of_separar_digitos8 text9        009D
__end_of_setup            text1        035A
__end_of_spiInit          text2        03CA
__end_of_spiRead          text6        03E6
__end_of_spiReceiveWait   text7        03ED
__end_of_spiWrite         text5        03FA
__initialization          cinit        000F
__pbssBANK0               bssBANK0     0020
__pbssCOMMON              bssCOMMON    007A
__pcstackBANK0            cstackBANK0  002D
__pcstackCOMMON           cstackCOMMON 0070
__pintentry               intentry     0004
__pmaintext               maintext     03CA
__pstrings                strings      037C
__ptext1                  text1        0338
__ptext10                 text10       01CE
__ptext11                 text11       010A
__ptext12                 text12       02BD
__ptext13                 text13       0303
__ptext14                 text14       0227
__ptext15                 text15       039A
__ptext16                 text16       035A
__ptext17                 text17       03ED
__ptext2                  text2        03B4
__ptext3                  text3        0171
__ptext4                  text4        0273
__ptext5                  text5        03F4
__ptext6                  text6        03DD
__ptext7                  text7        03E6
__ptext8                  text8        009D
__ptext9                  text9        0024
__stringbase              strings      038B
__stringtab               strings      037C
_count                    bssBANK0     0020
_count_s                  bssBANK0     0021
_isr                      text17       03ED
_main                     maintext     03CA
_outputValues             text8        009D
_pot0                     bssCOMMON    007B
_pot0_s                   bssBANK0     0029
_pot1                     bssCOMMON    007A
_pot1_s                   bssBANK0     0025
_requestValues            text4        0273
_separar_digitos8         text9        0024
_setup                    text1        0338
_spiInit                  text2        03B4
_spiRead                  text6        03DD
_spiReceiveWait           text7        03E6
_spiWrite                 text5        03F4
btemp                     (abs)        007E
end_of_initialization     cinit        0020
interrupt_function        intentry     0004
intlevel0                 functab      0000
intlevel1                 functab      0000
intlevel2                 functab      0000
intlevel3                 functab      0000
intlevel4                 functab      0000
intlevel5                 functab      0000
reset_vec                 reset_vec    0000
saved_w                   (abs)        007E
separar_digitos8@centenas cstackBANK0  0031
separar_digitos8@decenas  cstackBANK0  0032
separar_digitos8@dig8     cstackBANK0  002D
separar_digitos8@div1     cstackBANK0  0035
separar_digitos8@div2     cstackBANK0  0030
separar_digitos8@num      cstackBANK0  0034
separar_digitos8@unidades cstackBANK0  0033
spiInit@sClockIdle        cstackCOMMON 0073
spiInit@sDataSample       cstackCOMMON 0072
spiInit@sTransmitEdge     cstackCOMMON 0074
spiInit@sType             cstackCOMMON 0075
spiWrite@dat              cstackCOMMON 0072
start                     init         000C
start_initialization      cinit        000F
wtemp0                    (abs)        007E


MODULE INFORMATION

Module		Function		Class		Link	Load	Size
Prelab3_Master.c
		_requestValues 		CODE           	0273	0000	74
		_main          		CODE           	03CA	0000	19
		_isr           		CODE           	03ED	0000	7
		_outputValues  		CODE           	009D	0000	109
		_setup         		CODE           	0338	0000	34
		_separar_digitos8		CODE           	0024	0000	121

Prelab3_Master.c estimated size: 364

C:\Program Files\Microchip\xc8\v2.41\pic\sources\c90\common\awdiv.c
		___awdiv       		CODE           	010A	0000	103

C:\Program Files\Microchip\xc8\v2.41\pic\sources\c90\common\awdiv.c estimated size: 103

../../../LibreriasPIC/SPI.c
		_spiWrite      		CODE           	03F4	0000	6
		_spiInit       		CODE           	03B4	0000	22
		_spiReceiveWait		CODE           	03E6	0000	7
		_spiRead       		CODE           	03DD	0000	9

../../../LibreriasPIC/SPI.c estimated size: 44

shared
		__stringtab    		STRING         	037C	0000	16
		__initialization		CODE           	000F	0000	17

shared estimated size: 33

C:\Program Files\Microchip\xc8\v2.41\pic\sources\c90\common\awmod.c
		___awmod       		CODE           	01CE	0000	89

C:\Program Files\Microchip\xc8\v2.41\pic\sources\c90\common\awmod.c estimated size: 89

LCD.c
		_Lcd_Write_String		CODE           	02BD	0000	70
		_Lcd_Init      		CODE           	0171	0000	93
		_Lcd_Write_Char		CODE           	0303	0000	53
		_Lcd_Cmd       		CODE           	039A	0000	26
		_Lcd_Set_Cursor		CODE           	0227	0000	76
		_Lcd_Port      		CODE           	035A	0000	34

LCD.c estimated size: 352

